c:\users\blade\music\openglfinal\opengl-3\opengl\debug\vc143.pdb
c:\users\blade\music\openglfinal\opengl-3\opengl\debug\vc143.idb
c:\users\blade\music\openglfinal\opengl-3\opengl\debug\light.obj
c:\users\blade\music\openglfinal\opengl-3\opengl\debug\figura3d.obj
c:\users\blade\music\openglfinal\opengl-3\opengl\debug\figura2d.obj
c:\users\blade\music\openglfinal\opengl-3\opengl\debug\figura.obj
c:\users\blade\music\openglfinal\opengl-3\opengl\debug\example7.obj
c:\users\blade\music\openglfinal\opengl-3\opengl\debug\example6.obj
c:\users\blade\music\openglfinal\opengl-3\opengl\debug\example5.obj
c:\users\blade\music\openglfinal\opengl-3\opengl\debug\example4.obj
c:\users\blade\music\openglfinal\opengl-3\opengl\debug\example3.obj
c:\users\blade\music\openglfinal\opengl-3\opengl\debug\example2.obj
c:\users\blade\music\openglfinal\opengl-3\opengl\debug\example1.obj
c:\users\blade\music\openglfinal\opengl-3\opengl\debug\example.obj
c:\users\blade\music\openglfinal\opengl-3\opengl\debug\esfera.obj
c:\users\blade\music\openglfinal\opengl-3\opengl\debug\directionallight.obj
c:\users\blade\music\openglfinal\opengl-3\opengl\debug\cubo.obj
c:\users\blade\music\openglfinal\opengl-3\opengl\debug\cuadrado.obj
c:\users\blade\music\openglfinal\opengl-3\opengl\debug\color.obj
c:\users\blade\music\openglfinal\opengl-3\opengl\debug\circulo.obj
c:\users\blade\music\openglfinal\opengl-3\opengl\debug\camera.obj
c:\users\blade\music\openglfinal\opengl-3\opengl\debug\bmptextureloader.obj
c:\users\blade\music\openglfinal\opengl-3\opengl\debug\vector3.obj
c:\users\blade\music\openglfinal\opengl-3\opengl\debug\triangulo.obj
c:\users\blade\music\openglfinal\opengl-3\opengl\debug\textureloader.obj
c:\users\blade\music\openglfinal\opengl-3\opengl\debug\spotlight.obj
c:\users\blade\music\openglfinal\opengl-3\opengl\debug\punto3d.obj
c:\users\blade\music\openglfinal\opengl-3\opengl\debug\polígono.obj
c:\users\blade\music\openglfinal\opengl-3\opengl\debug\pointlight.obj
c:\users\blade\music\openglfinal\opengl-3\opengl\debug\pirámide.obj
c:\users\blade\music\openglfinal\opengl-3\opengl\debug\opengl.obj
c:\users\blade\music\openglfinal\opengl-3\debug\opengl.exe
c:\users\blade\music\openglfinal\opengl-3\debug\opengl.pdb
c:\users\blade\music\openglfinal\opengl-3\opengl\debug\opengl.res
c:\users\blade\music\openglfinal\opengl-3\opengl\debug\opengl.ilk
c:\users\blade\music\openglfinal\opengl-3\opengl\debug\opengl.tlog\cl.command.1.tlog
c:\users\blade\music\openglfinal\opengl-3\opengl\debug\opengl.tlog\cl.items.tlog
c:\users\blade\music\openglfinal\opengl-3\opengl\debug\opengl.tlog\cl.read.1.tlog
c:\users\blade\music\openglfinal\opengl-3\opengl\debug\opengl.tlog\cl.write.1.tlog
c:\users\blade\music\openglfinal\opengl-3\opengl\debug\opengl.tlog\link.command.1.tlog
c:\users\blade\music\openglfinal\opengl-3\opengl\debug\opengl.tlog\link.read.1.tlog
c:\users\blade\music\openglfinal\opengl-3\opengl\debug\opengl.tlog\link.secondary.1.tlog
c:\users\blade\music\openglfinal\opengl-3\opengl\debug\opengl.tlog\link.write.1.tlog
c:\users\blade\music\openglfinal\opengl-3\opengl\debug\opengl.tlog\rc.command.1.tlog
c:\users\blade\music\openglfinal\opengl-3\opengl\debug\opengl.tlog\rc.read.1.tlog
c:\users\blade\music\openglfinal\opengl-3\opengl\debug\opengl.tlog\rc.write.1.tlog
