  BMPTextureLoader.cpp
  Camera.cpp
  Circulo.cpp
  Color.cpp
  Cuadrado.cpp
  Cubo.cpp
  DirectionalLight.cpp
  Esfera.cpp
C:\Users\Blade\Music\OpenGLFINAL\OpenGL-3\OpenGL\Esfera.cpp(53,101): warning C4244: 'argumento': conversión de 'double' a 'float'; posible pérdida de datos
C:\Users\Blade\Music\OpenGLFINAL\OpenGL-3\OpenGL\Esfera.cpp(53,65): warning C4244: 'argumento': conversión de 'double' a 'float'; posible pérdida de datos
C:\Users\Blade\Music\OpenGLFINAL\OpenGL-3\OpenGL\Esfera.cpp(53,45): warning C4244: 'argumento': conversión de 'double' a 'float'; posible pérdida de datos
C:\Users\Blade\Music\OpenGLFINAL\OpenGL-3\OpenGL\Esfera.cpp(54,101): warning C4244: 'argumento': conversión de 'double' a 'float'; posible pérdida de datos
C:\Users\Blade\Music\OpenGLFINAL\OpenGL-3\OpenGL\Esfera.cpp(54,65): warning C4244: 'argumento': conversión de 'double' a 'float'; posible pérdida de datos
C:\Users\Blade\Music\OpenGLFINAL\OpenGL-3\OpenGL\Esfera.cpp(54,45): warning C4244: 'argumento': conversión de 'double' a 'float'; posible pérdida de datos
C:\Users\Blade\Music\OpenGLFINAL\OpenGL-3\OpenGL\Esfera.cpp(55,101): warning C4244: 'argumento': conversión de 'double' a 'float'; posible pérdida de datos
C:\Users\Blade\Music\OpenGLFINAL\OpenGL-3\OpenGL\Esfera.cpp(55,65): warning C4244: 'argumento': conversión de 'double' a 'float'; posible pérdida de datos
C:\Users\Blade\Music\OpenGLFINAL\OpenGL-3\OpenGL\Esfera.cpp(55,45): warning C4244: 'argumento': conversión de 'double' a 'float'; posible pérdida de datos
C:\Users\Blade\Music\OpenGLFINAL\OpenGL-3\OpenGL\Esfera.cpp(56,101): warning C4244: 'argumento': conversión de 'double' a 'float'; posible pérdida de datos
C:\Users\Blade\Music\OpenGLFINAL\OpenGL-3\OpenGL\Esfera.cpp(56,65): warning C4244: 'argumento': conversión de 'double' a 'float'; posible pérdida de datos
C:\Users\Blade\Music\OpenGLFINAL\OpenGL-3\OpenGL\Esfera.cpp(56,45): warning C4244: 'argumento': conversión de 'double' a 'float'; posible pérdida de datos
  Example.cpp
  Example1.cpp
  Example2.cpp
  Example3.cpp
  Example4.cpp
  Example5.cpp
  Example6.cpp
  Example7.cpp
C:\Users\Blade\Music\OpenGLFINAL\OpenGL-3\OpenGL\Example7.cpp(145,101): warning C4244: 'argumento': conversión de 'double' a 'float'; posible pérdida de datos
C:\Users\Blade\Music\OpenGLFINAL\OpenGL-3\OpenGL\Example7.cpp(145,65): warning C4244: 'argumento': conversión de 'double' a 'float'; posible pérdida de datos
C:\Users\Blade\Music\OpenGLFINAL\OpenGL-3\OpenGL\Example7.cpp(145,45): warning C4244: 'argumento': conversión de 'double' a 'float'; posible pérdida de datos
C:\Users\Blade\Music\OpenGLFINAL\OpenGL-3\OpenGL\Example7.cpp(146,101): warning C4244: 'argumento': conversión de 'double' a 'float'; posible pérdida de datos
C:\Users\Blade\Music\OpenGLFINAL\OpenGL-3\OpenGL\Example7.cpp(146,65): warning C4244: 'argumento': conversión de 'double' a 'float'; posible pérdida de datos
C:\Users\Blade\Music\OpenGLFINAL\OpenGL-3\OpenGL\Example7.cpp(146,45): warning C4244: 'argumento': conversión de 'double' a 'float'; posible pérdida de datos
C:\Users\Blade\Music\OpenGLFINAL\OpenGL-3\OpenGL\Example7.cpp(147,101): warning C4244: 'argumento': conversión de 'double' a 'float'; posible pérdida de datos
C:\Users\Blade\Music\OpenGLFINAL\OpenGL-3\OpenGL\Example7.cpp(147,65): warning C4244: 'argumento': conversión de 'double' a 'float'; posible pérdida de datos
C:\Users\Blade\Music\OpenGLFINAL\OpenGL-3\OpenGL\Example7.cpp(147,45): warning C4244: 'argumento': conversión de 'double' a 'float'; posible pérdida de datos
C:\Users\Blade\Music\OpenGLFINAL\OpenGL-3\OpenGL\Example7.cpp(148,101): warning C4244: 'argumento': conversión de 'double' a 'float'; posible pérdida de datos
C:\Users\Blade\Music\OpenGLFINAL\OpenGL-3\OpenGL\Example7.cpp(148,65): warning C4244: 'argumento': conversión de 'double' a 'float'; posible pérdida de datos
C:\Users\Blade\Music\OpenGLFINAL\OpenGL-3\OpenGL\Example7.cpp(148,45): warning C4244: 'argumento': conversión de 'double' a 'float'; posible pérdida de datos
  Figura.cpp
  Figura2D.cpp
  Figura3D.cpp
  Light.cpp
  Generando código...
  Compilando...
  OpenGL.cpp
  Pirámide.cpp
  PointLight.cpp
  Polígono.cpp
  Punto3D.cpp
  SpotLight.cpp
  TextureLoader.cpp
  Triangulo.cpp
  Vector3.cpp
  Generando código...
  OpenGL.vcxproj -> C:\Users\Blade\Music\OpenGLFINAL\OpenGL-3\Debug\OpenGL.exe
